// Jest Snapshot v1, https://goo.gl/fbAQLP

exports[`Error Page should render the Home page correctly 1`] = `
<DocumentFragment>
  <div
    class="Loading"
  >
    Loading...
  </div>
</DocumentFragment>
`;
